{
  "version": "1.5.0",
  "plugins_used": [
    {
      "name": "ArtifactoryDetector"
    },
    {
      "name": "AWSKeyDetector"
    },
    {
      "name": "AzureStorageKeyDetector"
    },
    {
      "name": "Base64HighEntropyString",
      "limit": 4.5
    },
    {
      "name": "BasicAuthDetector"
    },
    {
      "name": "CloudantDetector"
    },
    {
      "name": "DiscordBotTokenDetector"
    },
    {
      "name": "GitHubTokenDetector"
    },
    {
      "name": "GitLabTokenDetector"
    },
    {
      "name": "HexHighEntropyString",
      "limit": 3.0
    },
    {
      "name": "IbmCloudIamDetector"
    },
    {
      "name": "IbmCosHmacDetector"
    },
    {
      "name": "IPPublicDetector"
    },
    {
      "name": "JwtTokenDetector"
    },
    {
      "name": "KeywordDetector",
      "keyword_exclude": ""
    },
    {
      "name": "MailchimpDetector"
    },
    {
      "name": "NpmDetector"
    },
    {
      "name": "OpenAIDetector"
    },
    {
      "name": "PrivateKeyDetector"
    },
    {
      "name": "PypiTokenDetector"
    },
    {
      "name": "SendGridDetector"
    },
    {
      "name": "SlackDetector"
    },
    {
      "name": "SoftlayerDetector"
    },
    {
      "name": "SquareOAuthDetector"
    },
    {
      "name": "StripeDetector"
    },
    {
      "name": "TelegramBotTokenDetector"
    },
    {
      "name": "TwilioKeyDetector"
    }
  ],
  "filters_used": [
    {
      "path": "detect_secrets.filters.allowlist.is_line_allowlisted"
    },
    {
      "path": "detect_secrets.filters.common.is_baseline_file",
      "filename": ".secrets.baseline"
    },
    {
      "path": "detect_secrets.filters.common.is_ignored_due_to_verification_policies",
      "min_level": 2
    },
    {
      "path": "detect_secrets.filters.heuristic.is_indirect_reference"
    },
    {
      "path": "detect_secrets.filters.heuristic.is_likely_id_string"
    },
    {
      "path": "detect_secrets.filters.heuristic.is_lock_file"
    },
    {
      "path": "detect_secrets.filters.heuristic.is_not_alphanumeric_string"
    },
    {
      "path": "detect_secrets.filters.heuristic.is_potential_uuid"
    },
    {
      "path": "detect_secrets.filters.heuristic.is_prefixed_with_dollar_sign"
    },
    {
      "path": "detect_secrets.filters.heuristic.is_sequential_string"
    },
    {
      "path": "detect_secrets.filters.heuristic.is_swagger_file"
    },
    {
      "path": "detect_secrets.filters.heuristic.is_templated_secret"
    },
    {
      "path": "detect_secrets.filters.regex.should_exclude_file",
      "pattern": [
        "\\.lock$|\\.venv|\\.egg-info|\\.pyc$|\\.git/|\\.pytest_cache|dist/|build/"
      ]
    }
  ],
  "results": {
    "notebooks\\use_cases\\lentils_augmentation.ipynb": [
      {
        "type": "Base64 High Entropy String",
        "filename": "notebooks\\use_cases\\lentils_augmentation.ipynb",
        "hashed_secret": "402050e98b6be4448fe4b6a9c2e809324a1e6826",
        "is_verified": false,
        "line_number": 152
      },
      {
        "type": "Base64 High Entropy String",
        "filename": "notebooks\\use_cases\\lentils_augmentation.ipynb",
        "hashed_secret": "098cc8017d493ea334b570046fd1438aaffff620",
        "is_verified": false,
        "line_number": 373
      },
      {
        "type": "Base64 High Entropy String",
        "filename": "notebooks\\use_cases\\lentils_augmentation.ipynb",
        "hashed_secret": "e4e75915ad85e1e895e83ff6338354f62aac22a0",
        "is_verified": false,
        "line_number": 419
      },
      {
        "type": "Base64 High Entropy String",
        "filename": "notebooks\\use_cases\\lentils_augmentation.ipynb",
        "hashed_secret": "700d508cc563759757aac21d0d3237405053d088",
        "is_verified": false,
        "line_number": 461
      },
      {
        "type": "Base64 High Entropy String",
        "filename": "notebooks\\use_cases\\lentils_augmentation.ipynb",
        "hashed_secret": "48483686305a38ed309c24365395088324dbd043",
        "is_verified": false,
        "line_number": 503
      },
      {
        "type": "Base64 High Entropy String",
        "filename": "notebooks\\use_cases\\lentils_augmentation.ipynb",
        "hashed_secret": "beaba354b64e40122aed39e04fbbaa14c5380f29",
        "is_verified": false,
        "line_number": 513
      },
      {
        "type": "Base64 High Entropy String",
        "filename": "notebooks\\use_cases\\lentils_augmentation.ipynb",
        "hashed_secret": "a408f18b43cb471edd4d8be388baa0c0a458f2e4",
        "is_verified": false,
        "line_number": 523
      },
      {
        "type": "Base64 High Entropy String",
        "filename": "notebooks\\use_cases\\lentils_augmentation.ipynb",
        "hashed_secret": "f78cf45167e49d5af60a30d18340004edd027346",
        "is_verified": false,
        "line_number": 566
      },
      {
        "type": "Base64 High Entropy String",
        "filename": "notebooks\\use_cases\\lentils_augmentation.ipynb",
        "hashed_secret": "a4849e9b2eac054144fdfeb7d8b34d3912ed03ff",
        "is_verified": false,
        "line_number": 622
      },
      {
        "type": "Base64 High Entropy String",
        "filename": "notebooks\\use_cases\\lentils_augmentation.ipynb",
        "hashed_secret": "9dfaacd343037463a481837243a6f24489f90813",
        "is_verified": false,
        "line_number": 632
      },
      {
        "type": "Base64 High Entropy String",
        "filename": "notebooks\\use_cases\\lentils_augmentation.ipynb",
        "hashed_secret": "f440cafd9434271c2fa29ae26ead36743727e0ff",
        "is_verified": false,
        "line_number": 642
      },
      {
        "type": "Base64 High Entropy String",
        "filename": "notebooks\\use_cases\\lentils_augmentation.ipynb",
        "hashed_secret": "90e6724b2c4df3e6d2f63551d336d69f8b1c0585",
        "is_verified": false,
        "line_number": 751
      },
      {
        "type": "Base64 High Entropy String",
        "filename": "notebooks\\use_cases\\lentils_augmentation.ipynb",
        "hashed_secret": "e96713c4d46eb58366f6ca4149a85f61f89415cc",
        "is_verified": false,
        "line_number": 761
      },
      {
        "type": "Base64 High Entropy String",
        "filename": "notebooks\\use_cases\\lentils_augmentation.ipynb",
        "hashed_secret": "aa68e725bb6485cfe904336468480f7d4edf4565",
        "is_verified": false,
        "line_number": 898
      },
      {
        "type": "Base64 High Entropy String",
        "filename": "notebooks\\use_cases\\lentils_augmentation.ipynb",
        "hashed_secret": "e08e6c8a2749dce9c0f306536c2939caeba209f2",
        "is_verified": false,
        "line_number": 908
      },
      {
        "type": "Base64 High Entropy String",
        "filename": "notebooks\\use_cases\\lentils_augmentation.ipynb",
        "hashed_secret": "1a1127909aa877aaab10ac42856e3e31f95fb107",
        "is_verified": false,
        "line_number": 1001
      },
      {
        "type": "Base64 High Entropy String",
        "filename": "notebooks\\use_cases\\lentils_augmentation.ipynb",
        "hashed_secret": "13806a0b4fcd52f322c3746a4be025b0befad90b",
        "is_verified": false,
        "line_number": 1056
      },
      {
        "type": "Base64 High Entropy String",
        "filename": "notebooks\\use_cases\\lentils_augmentation.ipynb",
        "hashed_secret": "b3d49c7e70ef0c553ab46c641bb6476885341579",
        "is_verified": false,
        "line_number": 1066
      },
      {
        "type": "Base64 High Entropy String",
        "filename": "notebooks\\use_cases\\lentils_augmentation.ipynb",
        "hashed_secret": "1a77aac0296ffa6d579f8c14117d324f1f2351b3",
        "is_verified": false,
        "line_number": 1076
      },
      {
        "type": "Base64 High Entropy String",
        "filename": "notebooks\\use_cases\\lentils_augmentation.ipynb",
        "hashed_secret": "7b45c79f4a55444b18a6fcfc1c24765689c4244b",
        "is_verified": false,
        "line_number": 1086
      },
      {
        "type": "Base64 High Entropy String",
        "filename": "notebooks\\use_cases\\lentils_augmentation.ipynb",
        "hashed_secret": "8212d2121d16149f6c935291e0ca5bf3975d5134",
        "is_verified": false,
        "line_number": 1096
      }
    ]
  },
  "generated_at": "2026-05-18T09:39:31Z"
}
